This file contains any messages produced by compilers while
running configure, to aid debugging if configure makes a mistake.

It was created by pspvc configure 0.4, which was
generated by GNU Autoconf 2.72.  Invocation command line was

  $ ./configure

## --------- ##
## Platform. ##
## --------- ##

hostname = thefurrycollective
uname -m = aarch64
uname -r = 6.18.34+rpt-rpi-2712
uname -s = Linux
uname -v = #1 SMP PREEMPT Debian 1:6.18.34-1+rpt1 (2026-06-09)

/usr/bin/uname -p = unknown
/bin/uname -X     = unknown

/bin/arch              = aarch64
/usr/bin/arch -k       = unknown
/usr/convex/getsysinfo = unknown
/usr/bin/hostinfo      = unknown
/bin/machine           = unknown
/usr/bin/oslevel       = unknown
/bin/universe          = unknown

PATH: /home/user/.local/bin/
PATH: /home/user/cef/chromium/depot_tools/
PATH: /home/user/cef/src/chromium/src/cef/tools/
PATH: /home/user/.cargo/bin/
PATH: /home/user/.nix-profile/bin/
PATH: /nix/var/nix/profiles/default/bin/
PATH: /usr/local/sbin/
PATH: /usr/local/bin/
PATH: /usr/sbin/
PATH: /usr/bin/
PATH: /sbin/
PATH: /bin/
PATH: /usr/local/games/
PATH: /usr/games/
PATH: /snap/bin/


## ----------- ##
## Core tests. ##
## ----------- ##

configure:2313: looking for aux files: config.guess config.sub config.rpath compile missing install-sh
configure:2326:  trying ./
configure:2355:   ./config.guess found
configure:2355:   ./config.sub found
configure:2355:   ./config.rpath found
configure:2355:   ./compile found
configure:2355:   ./missing found
configure:2337:   ./install-sh found
configure:2485: checking for a BSD-compatible install
configure:2559: result: /usr/bin/install -c
configure:2570: checking whether sleep supports fractional seconds
configure:2586: result: yes
configure:2589: checking filesystem timestamp resolution
configure:2724: result: 0.01
configure:2729: checking whether build environment is sane
configure:2770: result: yes
configure:2941: checking for a race-free mkdir -p
configure:2984: result: /usr/bin/mkdir -p
configure:2991: checking for gawk
configure:3012: found /usr/bin/gawk
configure:3024: result: gawk
configure:3035: checking whether make sets $(MAKE)
configure:3059: result: yes
configure:3085: checking whether make supports nested variables
configure:3104: result: yes
configure:3118: checking xargs -n works
configure:3134: result: yes
configure:3306: checking for gcc
configure:3327: found /usr/bin/gcc
configure:3339: result: gcc
configure:3698: checking for C compiler version
configure:3707: gcc --version >&5
gcc (Debian 14.2.0-19) 14.2.0
Copyright (C) 2024 Free Software Foundation, Inc.
This is free software; see the source for copying conditions.  There is NO
warranty; not even for MERCHANTABILITY or FITNESS FOR A PARTICULAR PURPOSE.

configure:3718: $? = 0
configure:3707: gcc -v >&5
Using built-in specs.
COLLECT_GCC=gcc
COLLECT_LTO_WRAPPER=/usr/libexec/gcc/aarch64-linux-gnu/14/lto-wrapper
OFFLOAD_TARGET_NAMES=nvptx-none
OFFLOAD_TARGET_DEFAULT=1
Target: aarch64-linux-gnu
Configured with: ../src/configure -v --with-pkgversion='Debian 14.2.0-19' --with-bugurl=file:///usr/share/doc/gcc-14/README.Bugs --enable-languages=c,ada,c++,go,d,fortran,objc,obj-c++,m2,rust --prefix=/usr --with-gcc-major-version-only --program-suffix=-14 --program-prefix=aarch64-linux-gnu- --enable-shared --enable-linker-build-id --libexecdir=/usr/libexec --without-included-gettext --enable-threads=posix --libdir=/usr/lib --enable-nls --enable-bootstrap --enable-clocale=gnu --enable-libstdcxx-debug --enable-libstdcxx-time=yes --with-default-libstdcxx-abi=new --enable-libstdcxx-backtrace --enable-gnu-unique-object --disable-libquadmath --disable-libquadmath-support --enable-plugin --enable-default-pie --with-system-zlib --enable-libphobos-checking=release --with-target-system-zlib=auto --enable-objc-gc=auto --enable-multiarch --enable-fix-cortex-a53-843419 --disable-werror --enable-offload-targets=nvptx-none=/build/reproducible-path/gcc-14-14.2.0/debian/tmp-nvptx/usr --enable-offload-defaulted --without-cuda-driver --enable-checking=release --build=aarch64-linux-gnu --host=aarch64-linux-gnu --target=aarch64-linux-gnu --with-build-config=bootstrap-lto-lean --enable-link-serialization=2
Thread model: posix
Supported LTO compression algorithms: zlib zstd
gcc version 14.2.0 (Debian 14.2.0-19) 
... rest of stderr output deleted ...
configure:3718: $? = 0
configure:3707: gcc -V >&5
gcc: error: unrecognized command-line option '-V'
gcc: fatal error: no input files
compilation terminated.
configure:3718: $? = 1
configure:3707: gcc -qversion >&5
gcc: error: unrecognized command-line option '-qversion'; did you mean '--version'?
gcc: fatal error: no input files
compilation terminated.
configure:3718: $? = 1
configure:3707: gcc -version >&5
gcc: error: unrecognized command-line option '-version'
gcc: fatal error: no input files
compilation terminated.
configure:3718: $? = 1
configure:3738: checking whether the C compiler works
configure:3760: gcc    conftest.c  >&5
configure:3764: $? = 0
configure:3815: result: yes
configure:3819: checking for C compiler default output file name
configure:3821: result: a.out
configure:3827: checking for suffix of executables
configure:3834: gcc -o conftest    conftest.c  >&5
configure:3838: $? = 0
configure:3862: result: 
configure:3886: checking whether we are cross compiling
configure:3894: gcc -o conftest    conftest.c  >&5
configure:3898: $? = 0
configure:3905: ./conftest
configure:3909: $? = 0
configure:3924: result: no
configure:3930: checking for suffix of object files
configure:3953: gcc -c   conftest.c >&5
configure:3957: $? = 0
configure:3981: result: o
configure:3985: checking whether the compiler supports GNU C
configure:4005: gcc -c   conftest.c >&5
configure:4005: $? = 0
configure:4017: result: yes
configure:4028: checking whether gcc accepts -g
configure:4049: gcc -c -g  conftest.c >&5
configure:4049: $? = 0
configure:4096: result: yes
configure:4116: checking for gcc option to enable C11 features
configure:4131: gcc  -c -g -O2  conftest.c >&5
configure:4131: $? = 0
configure:4150: result: none needed
configure:4274: checking whether gcc understands -c and -o together
configure:4297: gcc -c conftest.c -o conftest2.o
configure:4300: $? = 0
configure:4297: gcc -c conftest.c -o conftest2.o
configure:4300: $? = 0
configure:4313: result: yes
configure:4333: checking whether make supports the include directive
configure:4348: make -f confmf.GNU && cat confinc.out
this is the am__doit target
configure:4351: $? = 0
configure:4370: result: yes (GNU style)
configure:4396: checking dependency style of gcc
configure:4509: result: gcc3
configure:4586: checking for pkg-config
configure:4609: found /usr/bin/pkg-config
configure:4622: result: /usr/bin/pkg-config
configure:4647: checking pkg-config is at least version 0.9.0
configure:4650: result: yes
configure:4660: checking for gtk+-3.0
configure:4667: $PKG_CONFIG --exists --print-errors "gtk+-3.0"
configure:4670: $? = 0
configure:4684: $PKG_CONFIG --exists --print-errors "gtk+-3.0"
configure:4687: $? = 0
configure:4745: result: yes
configure:4751: checking for a sed that does not truncate output
configure:4823: result: /usr/bin/sed
configure:4829: checking whether NLS is requested
configure:4840: result: yes
configure:4880: checking for msgfmt
configure: trying /usr/bin/msgfmt...
0 translated messages.
configure:4914: result: /usr/bin/msgfmt
configure:4923: checking for gmsgfmt
configure:4960: result: /usr/bin/msgfmt
configure:5005: checking for xgettext
configure: trying /usr/bin/xgettext...
/usr/bin/xgettext: warning: file '/dev/null' extension '' is unknown; will try C
configure:5039: result: /usr/bin/xgettext
configure:5084: checking for msgmerge
configure: trying /usr/bin/msgmerge...
configure:5117: result: /usr/bin/msgmerge
configure:5164: checking build system type
configure:5180: result: aarch64-unknown-linux-gnu
configure:5200: checking host system type
configure:5215: result: aarch64-unknown-linux-gnu
configure:5264: checking for ld used by gcc
configure:5394: result: /usr/bin/ld
configure:5401: checking if the linker (/usr/bin/ld) is GNU ld
configure:5418: result: yes
configure:5426: checking for shared library run path origin
configure:5441: result: done
configure:5464: checking 32-bit host C ABI
configure:5517: gcc -c -g -O2  conftest.c >&5
configure:5517: $? = 0
configure:5531: result: no
configure:5541: checking how to run the C preprocessor
configure:5567: gcc -E  conftest.c
configure:5567: $? = 0
configure:5583: gcc -E  conftest.c
conftest.c:12:10: fatal error: ac_nonexistent.h: No such file or directory
   12 | #include <ac_nonexistent.h>
      |          ^~~~~~~~~~~~~~~~~~
compilation terminated.
configure:5583: $? = 1
configure: failed program was:
| /* confdefs.h */
| #define PACKAGE_NAME "pspvc"
| #define PACKAGE_TARNAME "pspvc"
| #define PACKAGE_VERSION "0.4"
| #define PACKAGE_STRING "pspvc 0.4"
| #define PACKAGE_BUGREPORT "ringtailedfox"
| #define PACKAGE_URL ""
| #define PACKAGE "pspvc"
| #define VERSION "0.4"
| #define PACKAGE_DATA_DIR "/usr/local/share/pspvc"
| /* end confdefs.h.  */
| #include <ac_nonexistent.h>
configure:5612: result: gcc -E
configure:5626: gcc -E  conftest.c
configure:5626: $? = 0
configure:5642: gcc -E  conftest.c
conftest.c:12:10: fatal error: ac_nonexistent.h: No such file or directory
   12 | #include <ac_nonexistent.h>
      |          ^~~~~~~~~~~~~~~~~~
compilation terminated.
configure:5642: $? = 1
configure: failed program was:
| /* confdefs.h */
| #define PACKAGE_NAME "pspvc"
| #define PACKAGE_TARNAME "pspvc"
| #define PACKAGE_VERSION "0.4"
| #define PACKAGE_STRING "pspvc 0.4"
| #define PACKAGE_BUGREPORT "ringtailedfox"
| #define PACKAGE_URL ""
| #define PACKAGE "pspvc"
| #define VERSION "0.4"
| #define PACKAGE_DATA_DIR "/usr/local/share/pspvc"
| /* end confdefs.h.  */
| #include <ac_nonexistent.h>
configure:5675: checking for egrep -e
configure:5805: result: /usr/bin/grep -E
configure:5813: checking for ELF binary format
configure:5839: result: yes
configure:5891: checking for the common suffixes of directories in the library search path
configure:5968: result: lib,lib,lib64
configure:6539: checking for CFPreferencesCopyAppValue
configure:6558: gcc -o conftest -g -O2   conftest.c  -Wl,-framework -Wl,CoreFoundation >&5
conftest.c:12:10: fatal error: CoreFoundation/CFPreferences.h: No such file or directory
   12 | #include <CoreFoundation/CFPreferences.h>
      |          ^~~~~~~~~~~~~~~~~~~~~~~~~~~~~~~~
compilation terminated.
configure:6558: $? = 1
configure: failed program was:
| /* confdefs.h */
| #define PACKAGE_NAME "pspvc"
| #define PACKAGE_TARNAME "pspvc"
| #define PACKAGE_VERSION "0.4"
| #define PACKAGE_STRING "pspvc 0.4"
| #define PACKAGE_BUGREPORT "ringtailedfox"
| #define PACKAGE_URL ""
| #define PACKAGE "pspvc"
| #define VERSION "0.4"
| #define PACKAGE_DATA_DIR "/usr/local/share/pspvc"
| /* end confdefs.h.  */
| #include <CoreFoundation/CFPreferences.h>
| int
| main (void)
| {
| CFPreferencesCopyAppValue(NULL, NULL)
|   ;
|   return 0;
| }
configure:6570: result: no
configure:6577: checking for CFLocaleCopyPreferredLanguages
configure:6596: gcc -o conftest -g -O2   conftest.c  -Wl,-framework -Wl,CoreFoundation >&5
conftest.c:12:10: fatal error: CoreFoundation/CFLocale.h: No such file or directory
   12 | #include <CoreFoundation/CFLocale.h>
      |          ^~~~~~~~~~~~~~~~~~~~~~~~~~~
compilation terminated.
configure:6596: $? = 1
configure: failed program was:
| /* confdefs.h */
| #define PACKAGE_NAME "pspvc"
| #define PACKAGE_TARNAME "pspvc"
| #define PACKAGE_VERSION "0.4"
| #define PACKAGE_STRING "pspvc 0.4"
| #define PACKAGE_BUGREPORT "ringtailedfox"
| #define PACKAGE_URL ""
| #define PACKAGE "pspvc"
| #define VERSION "0.4"
| #define PACKAGE_DATA_DIR "/usr/local/share/pspvc"
| /* end confdefs.h.  */
| #include <CoreFoundation/CFLocale.h>
| int
| main (void)
| {
| CFLocaleCopyPreferredLanguages();
|   ;
|   return 0;
| }
configure:6608: result: no
configure:6658: checking for GNU gettext in libc
configure:6688: gcc -o conftest -g -O2   conftest.c  >&5
configure:6688: $? = 0
configure:6700: result: yes
configure:7640: checking whether to use NLS
configure:7642: result: yes
configure:7645: checking where the gettext function comes from
configure:7656: result: libc
configure:7829: checking that generated files are newer than configure
configure:7835: result: done
configure:7870: creating ./config.status

## ---------------------- ##
## Running config.status. ##
## ---------------------- ##

This file was extended by pspvc config.status 0.4, which was
generated by GNU Autoconf 2.72.  Invocation command line was

  CONFIG_FILES    = 
  CONFIG_HEADERS  = 
  CONFIG_LINKS    = 
  CONFIG_COMMANDS = 
  $ ./config.status 

on thefurrycollective

config.status:893: creating Makefile
config.status:893: creating src/Makefile
config.status:893: creating po/Makefile.in
config.status:893: creating config.h
config.status:1074: config.h is unchanged
config.status:1122: executing depfiles commands
config.status:1199: cd src       && sed -e '/# am--include-marker/d' Makefile         | make -f - am--depfiles
make: Nothing to be done for 'am--depfiles'.
config.status:1204: $? = 0
config.status:1122: executing po-directories commands

## ---------------- ##
## Cache variables. ##
## ---------------- ##

ac_cv_build=aarch64-unknown-linux-gnu
ac_cv_c_compiler_gnu=yes
ac_cv_env_CC_set=
ac_cv_env_CC_value=
ac_cv_env_CFLAGS_set=
ac_cv_env_CFLAGS_value=
ac_cv_env_CPPFLAGS_set=
ac_cv_env_CPPFLAGS_value=
ac_cv_env_CPP_set=
ac_cv_env_CPP_value=
ac_cv_env_GTK_CFLAGS_set=
ac_cv_env_GTK_CFLAGS_value=
ac_cv_env_GTK_LIBS_set=
ac_cv_env_GTK_LIBS_value=
ac_cv_env_LDFLAGS_set=
ac_cv_env_LDFLAGS_value=
ac_cv_env_LIBS_set=
ac_cv_env_LIBS_value=
ac_cv_env_PKG_CONFIG_LIBDIR_set=
ac_cv_env_PKG_CONFIG_LIBDIR_value=
ac_cv_env_PKG_CONFIG_PATH_set=
ac_cv_env_PKG_CONFIG_PATH_value=
ac_cv_env_PKG_CONFIG_set=
ac_cv_env_PKG_CONFIG_value=
ac_cv_env_build_alias_set=
ac_cv_env_build_alias_value=
ac_cv_env_host_alias_set=
ac_cv_env_host_alias_value=
ac_cv_env_target_alias_set=
ac_cv_env_target_alias_value=
ac_cv_host=aarch64-unknown-linux-gnu
ac_cv_objext=o
ac_cv_path_EGREP_TRADITIONAL='/usr/bin/grep -E'
ac_cv_path_GMSGFMT=/usr/bin/msgfmt
ac_cv_path_MSGFMT=/usr/bin/msgfmt
ac_cv_path_MSGMERGE=/usr/bin/msgmerge
ac_cv_path_SED=/usr/bin/sed
ac_cv_path_XGETTEXT=/usr/bin/xgettext
ac_cv_path_ac_pt_PKG_CONFIG=/usr/bin/pkg-config
ac_cv_path_install='/usr/bin/install -c'
ac_cv_path_mkdir=/usr/bin/mkdir
ac_cv_prog_AWK=gawk
ac_cv_prog_CPP='gcc -E'
ac_cv_prog_ac_ct_CC=gcc
ac_cv_prog_cc_c11=
ac_cv_prog_cc_g=yes
ac_cv_prog_cc_stdc=
ac_cv_prog_make_make_set=yes
acl_cv_hardcode_direct=no
acl_cv_hardcode_libdir_flag_spec='${wl}-rpath ${wl}$libdir'
acl_cv_hardcode_libdir_separator=
acl_cv_hardcode_minus_L=no
acl_cv_libdirstems=lib,lib,lib64
acl_cv_libext=a
acl_cv_libname_spec='lib$name'
acl_cv_library_names_spec='$libname$shrext'
acl_cv_path_LD=/usr/bin/ld
acl_cv_prog_gnu_ld=yes
acl_cv_rpath=done
acl_cv_shlibext=so
acl_cv_wl=-Wl,
am_cv_CC_dependencies_compiler_type=gcc3
am_cv_filesystem_timestamp_resolution=0.01
am_cv_make_support_nested_variables=yes
am_cv_prog_cc_c_o=yes
am_cv_sleep_fractional_seconds=yes
am_cv_xargs_n_works=yes
gl_cv_elf=yes
gl_cv_host_cpu_c_abi_32bit=no
gt_cv_func_CFLocaleCopyPreferredLanguages=no
gt_cv_func_CFPreferencesCopyAppValue=no
gt_cv_func_gnugettext1_libc=yes
pkg_cv_GTK_CFLAGS='-I/usr/include/gtk-3.0 -I/usr/include/pango-1.0 -I/usr/include/glib-2.0 -I/usr/lib/aarch64-linux-gnu/glib-2.0/include -I/usr/include/sysprof-6 -I/usr/include/harfbuzz -I/usr/include/freetype2 -I/usr/include/libpng16 -I/usr/include/libmount -I/usr/include/blkid -I/usr/include/fribidi -I/usr/include/cairo -I/usr/include/pixman-1 -I/usr/include/gdk-pixbuf-2.0 -I/usr/include/aarch64-linux-gnu -I/usr/include/webp -I/usr/include/gio-unix-2.0 -I/usr/include/cloudproviders -I/usr/include/atk-1.0 -I/usr/include/at-spi2-atk/2.0 -I/usr/include/at-spi-2.0 -I/usr/include/dbus-1.0 -I/usr/lib/aarch64-linux-gnu/dbus-1.0/include -pthread '
pkg_cv_GTK_LIBS='-lgtk-3 -lgdk-3 -lz -lpangocairo-1.0 -lpango-1.0 -lharfbuzz -latk-1.0 -lcairo-gobject -lcairo -lgdk_pixbuf-2.0 -lgio-2.0 -lgobject-2.0 -lglib-2.0 '

## ----------------- ##
## Output variables. ##
## ----------------- ##

ACLOCAL='${SHELL} '\''/home/user/Downloads/pspvc-0.4/missing'\'' aclocal-1.17'
AMDEPBACKSLASH='\'
AMDEP_FALSE='#'
AMDEP_TRUE=''
AMTAR='$${TAR-tar}'
AM_BACKSLASH='\'
AM_DEFAULT_V='$(AM_DEFAULT_VERBOSITY)'
AM_DEFAULT_VERBOSITY='1'
AM_V='$(V)'
AUTOCONF='${SHELL} '\''/home/user/Downloads/pspvc-0.4/missing'\'' autoconf'
AUTOHEADER='${SHELL} '\''/home/user/Downloads/pspvc-0.4/missing'\'' autoheader'
AUTOMAKE='${SHELL} '\''/home/user/Downloads/pspvc-0.4/missing'\'' automake-1.17'
AWK='gawk'
CC='gcc'
CCDEPMODE='depmode=gcc3'
CFLAGS='-g -O2'
CPP='gcc -E'
CPPFLAGS=''
CSCOPE='cscope'
CTAGS='ctags'
CYGPATH_W='echo'
DEFS='-DHAVE_CONFIG_H'
DEPDIR='.deps'
ECHO_C=''
ECHO_N='-n'
ECHO_T=''
ETAGS='etags'
EXEEXT=''
GETTEXT_MACRO_VERSION='0.22'
GMSGFMT='/usr/bin/msgfmt'
GMSGFMT_015='/usr/bin/msgfmt'
GTK_CFLAGS='-I/usr/include/gtk-3.0 -I/usr/include/pango-1.0 -I/usr/include/glib-2.0 -I/usr/lib/aarch64-linux-gnu/glib-2.0/include -I/usr/include/sysprof-6 -I/usr/include/harfbuzz -I/usr/include/freetype2 -I/usr/include/libpng16 -I/usr/include/libmount -I/usr/include/blkid -I/usr/include/fribidi -I/usr/include/cairo -I/usr/include/pixman-1 -I/usr/include/gdk-pixbuf-2.0 -I/usr/include/aarch64-linux-gnu -I/usr/include/webp -I/usr/include/gio-unix-2.0 -I/usr/include/cloudproviders -I/usr/include/atk-1.0 -I/usr/include/at-spi2-atk/2.0 -I/usr/include/at-spi-2.0 -I/usr/include/dbus-1.0 -I/usr/lib/aarch64-linux-gnu/dbus-1.0/include -pthread '
GTK_LIBS='-lgtk-3 -lgdk-3 -lz -lpangocairo-1.0 -lpango-1.0 -lharfbuzz -latk-1.0 -lcairo-gobject -lcairo -lgdk_pixbuf-2.0 -lgio-2.0 -lgobject-2.0 -lglib-2.0 '
INSTALL_DATA='${INSTALL} -m 644'
INSTALL_PROGRAM='${INSTALL}'
INSTALL_SCRIPT='${INSTALL}'
INSTALL_STRIP_PROGRAM='$(install_sh) -c -s'
INTLLIBS=''
INTL_MACOSX_LIBS=''
LDFLAGS=''
LIBICONV='-liconv'
LIBINTL=''
LIBOBJS=''
LIBS=''
LTLIBICONV='-liconv'
LTLIBINTL=''
LTLIBOBJS=''
MAKEINFO='${SHELL} '\''/home/user/Downloads/pspvc-0.4/missing'\'' makeinfo'
MKDIR_P='/usr/bin/mkdir -p'
MSGFMT='/usr/bin/msgfmt'
MSGMERGE='/usr/bin/msgmerge'
MSGMERGE_FOR_MSGFMT_OPTION='--for-msgfmt'
OBJEXT='o'
PACKAGE='pspvc'
PACKAGE_BUGREPORT='ringtailedfox'
PACKAGE_NAME='pspvc'
PACKAGE_STRING='pspvc 0.4'
PACKAGE_TARNAME='pspvc'
PACKAGE_URL=''
PACKAGE_VERSION='0.4'
PATH_SEPARATOR=':'
PKG_CONFIG='/usr/bin/pkg-config'
PKG_CONFIG_LIBDIR=''
PKG_CONFIG_PATH=''
POSUB='po'
SED='/usr/bin/sed'
SET_MAKE=''
SHELL='/bin/bash'
STRIP=''
USE_NLS='yes'
VERSION='0.4'
XGETTEXT='/usr/bin/xgettext'
XGETTEXT_015='/usr/bin/xgettext'
XGETTEXT_EXTRA_OPTIONS=''
ac_ct_CC='gcc'
am__EXEEXT_FALSE=''
am__EXEEXT_TRUE='#'
am__fastdepCC_FALSE='#'
am__fastdepCC_TRUE=''
am__include='include'
am__isrc=''
am__leading_dot='.'
am__nodep='_no'
am__quote=''
am__rm_f_notfound=''
am__tar='$${TAR-tar} chof - "$$tardir"'
am__untar='$${TAR-tar} xf -'
am__xargs_n='xargs -n'
bindir='${exec_prefix}/bin'
build='aarch64-unknown-linux-gnu'
build_alias=''
build_cpu='aarch64'
build_os='linux-gnu'
build_vendor='unknown'
datadir='${datarootdir}'
datarootdir='${prefix}/share'
docdir='${datarootdir}/doc/${PACKAGE_TARNAME}'
dvidir='${docdir}'
exec_prefix='${prefix}'
host='aarch64-unknown-linux-gnu'
host_alias=''
host_cpu='aarch64'
host_os='linux-gnu'
host_vendor='unknown'
htmldir='${docdir}'
includedir='${prefix}/include'
infodir='${datarootdir}/info'
install_sh='${SHELL} /home/user/Downloads/pspvc-0.4/install-sh'
libdir='${exec_prefix}/lib'
libexecdir='${exec_prefix}/libexec'
localedir='${datarootdir}/locale'
localedir_c='"/usr/local/share/locale"'
localedir_c_make='\"$(localedir)\"'
localstatedir='${prefix}/var'
mandir='${datarootdir}/man'
mkdir_p='$(MKDIR_P)'
oldincludedir='/usr/include'
pdfdir='${docdir}'
prefix='/usr/local'
program_transform_name='s,x,x,'
psdir='${docdir}'
runstatedir='${localstatedir}/run'
sbindir='${exec_prefix}/sbin'
sharedstatedir='${prefix}/com'
sysconfdir='${prefix}/etc'
target_alias=''

## ----------- ##
## confdefs.h. ##
## ----------- ##

/* confdefs.h */
#define PACKAGE_NAME "pspvc"
#define PACKAGE_TARNAME "pspvc"
#define PACKAGE_VERSION "0.4"
#define PACKAGE_STRING "pspvc 0.4"
#define PACKAGE_BUGREPORT "ringtailedfox"
#define PACKAGE_URL ""
#define PACKAGE "pspvc"
#define VERSION "0.4"
#define PACKAGE_DATA_DIR "/usr/local/share/pspvc"
#define ENABLE_NLS 1
#define HAVE_GETTEXT 1
#define HAVE_DCGETTEXT 1
#define LOCALEDIR "${datarootdir}/locale"

configure: exit 0
